debika@debika-Aspire-A514-54:~/Documents/project$ openssl ecparam -genkey -name prime256v1 -out root.key
debika@debika-Aspire-A514-54:~/Documents/project$ openssl req -new -key root.key -out root.csr -subj "/C=US/ST=California/O=iTS Root/OU=Root CA/CN=iTS Root R1"
debika@debika-Aspire-A514-54:~/Documents/project$ openssl req -x509 -new -nodes -key root.key -days 3650 -out root.crt -subj "/C=US/ST=California/O=iTS Root/OU=Root CA/CN=iTS Root R1"
debika@debika-Aspire-A514-54:~/Documents/project$ openssl x509 -in root.crt -text -noout
Certificate:
    Data:
        Version: 3 (0x2)
        Serial Number:
            58:52:ce:bf:c0:5e:0e:2d:0b:d4:18:6e:b7:dd:af:86:f9:0a:07:69
        Signature Algorithm: ecdsa-with-SHA256
        Issuer: C = US, ST = California, O = iTS Root, OU = Root CA, CN = iTS Root R1
        Validity
            Not Before: Mar 20 18:10:38 2024 GMT
            Not After : Mar 18 18:10:38 2034 GMT
        Subject: C = US, ST = California, O = iTS Root, OU = Root CA, CN = iTS Root R1
        Subject Public Key Info:
            Public Key Algorithm: id-ecPublicKey
                Public-Key: (256 bit)
                pub:
                    04:98:8a:74:71:e3:47:9d:93:81:bd:34:f6:e9:22:
                    aa:ad:40:1d:3f:67:f9:10:25:3e:a1:fc:9f:12:16:
                    bd:43:7f:82:71:fc:dc:fe:80:04:08:ee:65:dc:e3:
                    13:72:4c:77:b2:a6:e9:09:2a:7b:f5:5b:82:eb:8a:
                    4b:4a:5d:92:44
                ASN1 OID: prime256v1
                NIST CURVE: P-256
        X509v3 extensions:
            X509v3 Subject Key Identifier: 
                AF:01:AB:AD:A7:09:AD:56:BF:16:68:1D:B5:62:DB:63:00:83:BF:4E
            X509v3 Authority Key Identifier: 
                keyid:AF:01:AB:AD:A7:09:AD:56:BF:16:68:1D:B5:62:DB:63:00:83:BF:4E

            X509v3 Basic Constraints: critical
                CA:TRUE
    Signature Algorithm: ecdsa-with-SHA256
         30:45:02:20:00:f8:d2:3a:d1:a9:57:8e:c5:80:26:3c:35:20:
         7e:58:5d:65:f8:c4:41:6c:52:a4:d2:5c:d9:99:19:7c:66:ed:
         02:21:00:f1:88:9d:bd:66:e2:0c:e8:bb:73:c6:aa:1d:65:01:
         fb:a4:a8:52:90:e4:ff:03:f2:6a:bc:cc:b9:e0:cc:30:25
debika@debika-Aspire-A514-54:~/Documents/project$ openssl genpkey -algorithm RSA -out int.key -pkeyopt rsa_keygen_bits:4096
.......................................................................++++
.........................................................................................................................++++
debika@debika-Aspire-A514-54:~/Documents/project$ openssl req -new -key int.key -out int.csr -subj "/C=US/ST=California/O=iTS CA/OU=Intermediate CA/CN=iTS CA 1R3"
debika@debika-Aspire-A514-54:~/Documents/project$ openssl x509 -req -in int.csr -CA root.crt -CAkey root.key -CAcreateserial -out int.crt -days 365 -sha256 -extfile <(printf "basicConstraints=CA:TRUE")
Signature ok
subject=C = US, ST = California, O = iTS CA, OU = Intermediate CA, CN = iTS CA 1R3
Getting CA Private Key
debika@debika-Aspire-A514-54:~/Documents/project$ openssl x509 -in int.crt -text -noout
Certificate:
    Data:
        Version: 3 (0x2)
        Serial Number:
            1f:cf:78:35:c0:3e:7e:99:c4:68:bc:ef:4d:98:90:1a:8e:f8:e6:62
        Signature Algorithm: ecdsa-with-SHA256
        Issuer: C = US, ST = California, O = iTS Root, OU = Root CA, CN = iTS Root R1
        Validity
            Not Before: Mar 20 18:12:08 2024 GMT
            Not After : Mar 20 18:12:08 2025 GMT
        Subject: C = US, ST = California, O = iTS CA, OU = Intermediate CA, CN = iTS CA 1R3
        Subject Public Key Info:
            Public Key Algorithm: rsaEncryption
                RSA Public-Key: (4096 bit)
                Modulus:
                    00:df:4a:7e:53:87:96:77:32:b4:0a:cb:db:cc:da:
                    fd:b9:20:cc:ea:90:e2:ea:f7:00:29:8d:ba:fa:e3:
                    5f:92:45:58:15:40:19:50:c4:89:2c:2d:6a:48:89:
                    09:5e:f6:82:2a:f7:55:1a:8f:b4:45:b9:70:a6:6c:
                    b3:1e:ef:98:a0:90:44:80:3a:8b:36:d2:88:b5:96:
                    d1:6b:44:6a:fb:d5:88:f8:6b:bb:5f:38:12:47:54:
                    45:66:9e:52:46:8a:f4:d8:f6:d5:31:b3:2f:21:62:
                    5c:18:42:29:7f:51:c5:37:e4:d2:3a:ab:11:8d:9c:
                    de:a9:4b:38:25:1f:18:f7:08:48:36:2b:ed:6b:5c:
                    6a:ba:65:c4:69:3e:07:5c:75:d7:08:a1:c2:f9:0f:
                    b6:d7:52:1d:fa:73:2c:32:ad:3c:1b:8b:cc:0e:f1:
                    6b:20:71:da:37:71:0e:b0:79:4b:2c:ea:86:18:c5:
                    da:53:11:b4:9b:de:df:99:d9:66:0c:98:97:c4:0e:
                    88:fb:84:03:54:5d:30:b6:90:9e:b8:45:09:18:6f:
                    50:0c:14:c3:cd:7a:d6:be:e9:e7:68:e2:a7:2b:26:
                    84:42:80:50:04:80:93:df:8f:68:db:b9:c7:5f:84:
                    98:9f:d6:0c:65:37:f6:23:d3:34:87:81:dc:62:d9:
                    66:52:b8:c6:cc:7f:50:99:2a:4a:fa:43:cc:b3:74:
                    63:ee:b7:f7:08:b7:03:7c:f1:b3:bf:79:c2:e2:c6:
                    3d:cc:e5:10:2f:ba:2e:d1:34:12:25:a8:86:28:81:
                    47:5d:62:55:cb:f2:28:a8:04:01:ed:a8:f9:af:ad:
                    5f:21:7e:57:0c:45:00:07:f8:a2:55:a6:6f:0e:37:
                    00:d6:89:4d:5f:e0:5e:2d:6f:5f:ae:4f:e9:08:d2:
                    f8:1e:90:cf:a2:78:48:37:c7:13:63:e0:57:08:7b:
                    a5:01:6a:25:d4:68:b3:01:5b:17:f9:29:38:24:38:
                    c0:fb:6c:44:86:b1:09:7d:92:18:2f:88:a0:d1:7c:
                    51:75:ee:62:84:31:95:8e:0d:b6:62:ad:18:fe:0c:
                    94:77:65:a5:02:2e:33:49:16:92:dc:f8:ce:3a:c7:
                    30:74:ed:01:c8:3f:fb:59:d2:b2:52:68:be:30:72:
                    c8:05:c5:b4:45:ed:21:6a:ab:4d:2e:52:94:fa:a4:
                    ef:41:bf:3f:0d:e2:68:96:7d:c7:a5:c6:fe:87:c3:
                    f0:41:0c:4e:e1:07:74:f8:e4:b6:0b:97:d3:0e:93:
                    47:18:cf:3a:72:60:c2:9b:a7:40:cb:e4:86:ee:28:
                    97:6e:2b:aa:eb:aa:6f:eb:57:80:7f:c8:12:00:6b:
                    b1:26:6f
                Exponent: 65537 (0x10001)
        X509v3 extensions:
            X509v3 Basic Constraints: 
                CA:TRUE
    Signature Algorithm: ecdsa-with-SHA256
         30:45:02:20:03:df:ee:47:61:22:ba:97:6b:e9:37:b5:ed:0d:
         0a:bb:fe:12:d0:61:60:a3:5d:60:06:ec:b1:a6:b4:c9:11:bd:
         02:21:00:b6:76:21:2c:87:07:ef:32:0d:19:be:39:95:f1:88:
         e1:f4:a5:a8:48:c1:c2:94:d7:52:44:a6:5c:37:e6:1d:26
debika@debika-Aspire-A514-54:~/Documents/project$ openssl genpkey -algorithm RSA -out alice.key -pkeyopt rsa_keygen_bits:2048
...............................................................................................................................................................................................................................................................+++++
...........+++++
debika@debika-Aspire-A514-54:~/Documents/project$ openssl req -new -key alice.key -out alice.csr -subj "/C=US/ST=California/O=Alice1/OU=IT/CN=Alice1.com"
debika@debika-Aspire-A514-54:~/Documents/project$ openssl x509 -req -in alice.csr -CA int.crt -CAkey int.key -CAcreateserial -out alice.crt -days 365 -sha256
Signature ok
subject=C = US, ST = California, O = Alice1, OU = IT, CN = Alice1.com
Getting CA Private Key
debika@debika-Aspire-A514-54:~/Documents/project$ openssl x509 -in alice.crt -text -noout
Certificate:
    Data:
        Version: 1 (0x0)
        Serial Number:
            15:f1:dc:96:ae:f7:d4:59:bb:f2:be:25:e2:4b:64:3f:f9:bf:7b:25
        Signature Algorithm: sha256WithRSAEncryption
        Issuer: C = US, ST = California, O = iTS CA, OU = Intermediate CA, CN = iTS CA 1R3
        Validity
            Not Before: Mar 20 18:13:07 2024 GMT
            Not After : Mar 20 18:13:07 2025 GMT
        Subject: C = US, ST = California, O = Alice1, OU = IT, CN = Alice1.com
        Subject Public Key Info:
            Public Key Algorithm: rsaEncryption
                RSA Public-Key: (2048 bit)
                Modulus:
                    00:e6:bf:4d:8f:0e:ba:83:81:3c:cc:fe:b8:6e:62:
                    d3:81:df:f6:6e:ee:17:d2:84:ab:7b:32:75:37:30:
                    11:e9:66:3e:20:66:32:6a:b2:15:b6:4d:df:da:8e:
                    2c:92:81:9b:82:28:4e:b6:8a:72:90:58:f2:b4:c7:
                    45:73:2f:00:50:c1:69:2c:48:41:e3:c1:ec:2b:7c:
                    2a:e8:5a:26:a4:e0:d2:98:bb:8f:af:3c:ba:ad:4e:
                    4e:6c:dd:f3:b8:08:e5:2f:4a:8d:6f:af:54:b0:a7:
                    fc:79:69:38:6d:ba:e2:7e:fd:93:30:fc:a8:0d:22:
                    78:70:ff:31:cd:55:bb:db:a2:e4:bd:22:73:90:68:
                    0b:3e:cc:79:65:2f:78:90:a8:f0:6d:8b:19:51:a8:
                    d1:9d:5a:e0:4c:e8:ac:34:b7:68:fb:b2:e0:f0:bd:
                    7c:70:8b:6a:ae:6d:d1:ad:a1:f4:e6:7d:5b:4f:90:
                    8a:83:08:af:92:c8:b1:c0:66:38:66:a8:9e:e8:5d:
                    25:a4:20:ee:6b:b6:0c:bb:f1:d6:67:1a:17:b5:f0:
                    ae:90:4c:ea:c5:5f:08:c4:ab:ed:74:2b:e9:1b:d2:
                    bf:58:00:c4:9f:90:4d:17:4c:92:2c:61:7c:37:87:
                    c3:ee:12:7f:a6:04:51:a6:f4:96:46:86:27:0f:8c:
                    63:e3
                Exponent: 65537 (0x10001)
    Signature Algorithm: sha256WithRSAEncryption
         c6:b2:d7:9d:a2:52:f6:96:d8:d8:8b:a3:6b:7a:2a:76:97:60:
         68:f2:8a:83:b9:c9:72:f3:14:f6:48:ca:09:cf:c0:e9:3e:ea:
         ba:d7:ad:86:6b:a5:ca:8e:29:51:ce:87:06:25:0a:7f:09:d3:
         e6:0a:6c:72:dd:c0:ac:13:d2:5f:28:c9:f4:eb:40:6a:9e:dc:
         2d:b6:73:f0:31:f7:92:28:0e:de:39:9f:80:b6:e2:9b:83:cd:
         2d:cb:03:a6:9d:12:2f:00:e6:9f:40:05:0d:53:2f:7a:4c:3f:
         7d:fd:9c:1b:78:af:4a:22:e8:e2:e9:48:2c:45:3b:d7:5a:91:
         30:aa:d0:b3:8b:79:7f:7c:26:ff:dd:83:68:d8:f0:3e:18:82:
         99:36:23:56:77:bf:1f:4b:15:de:ba:a5:6f:33:9d:a9:0a:11:
         cb:11:12:bf:2f:5e:09:a3:44:c1:a5:8c:f5:7c:92:11:ba:53:
         c4:4c:99:5b:96:8a:8e:be:92:16:f7:67:7c:32:20:97:6c:e3:
         38:0c:34:6b:dd:2a:14:07:db:31:3c:ba:3b:8e:e1:ea:0f:a3:
         d8:85:3b:fb:21:38:a4:99:d6:14:d7:e1:2a:11:de:e8:2d:b8:
         a2:b1:ba:b0:98:d7:cb:90:84:73:40:bf:ce:67:6f:47:73:97:
         e7:65:ee:ab:5f:f4:58:69:99:7d:a6:81:14:16:18:6f:98:75:
         ee:b1:25:39:c1:40:25:51:fc:56:62:42:89:a0:8c:2c:1f:dc:
         fc:44:ae:e5:14:d0:54:73:cb:63:22:9b:c5:24:5e:c9:ce:e6:
         1e:d7:a2:25:7c:de:36:8c:3b:e4:03:9e:3c:f3:00:3d:ca:0c:
         b2:96:83:62:92:c5:4f:15:e7:5e:f2:fd:92:79:c8:a7:21:32:
         54:55:32:39:b7:90:ea:e0:51:01:68:67:0b:e2:87:45:8e:b4:
         1b:b0:92:71:d2:53:e6:0c:81:b3:e9:23:39:20:c4:ff:3c:5d:
         58:f6:3a:06:2d:ea:b0:ce:3b:4e:ca:f4:f7:02:40:a5:37:b9:
         dc:95:02:d3:c0:be:2c:5c:d9:ee:37:84:e1:2e:3e:48:e6:0f:
         ba:15:24:71:aa:0b:1f:d6:94:d8:49:17:52:28:51:35:42:9f:
         b4:e2:c1:29:82:d2:f3:69:6d:4e:11:8f:8e:d3:6f:07:4b:78:
         db:33:46:cb:e2:ae:9d:24:09:21:e8:3b:01:ae:d6:ce:76:ba:
         52:99:7b:c9:bc:4f:89:18:c2:65:0d:7f:98:75:64:b8:7f:43:
         11:82:28:a7:69:aa:23:72:2b:93:51:f7:de:6b:9d:6f:5f:55:
         98:73:51:4f:57:1b:6a:e9
debika@debika-Aspire-A514-54:~/Documents/project$ openssl genpkey -algorithm RSA -out bob.key -pkeyopt rsa_keygen_bits:256
genpkey: Error setting rsa_keygen_bits:256 parameter:
140525255136576:error:0408F078:rsa routines:pkey_rsa_ctrl:key size too small:../crypto/rsa/rsa_pmeth.c:474:
140525255136576:error:06089093:digital envelope routines:EVP_PKEY_CTX_ctrl:command not supported:../crypto/evp/pmeth_lib.c:401:
debika@debika-Aspire-A514-54:~/Documents/project$ openssl genpkey -algorithm RSA -out bob.key -pkeyopt rsa_keygen_bits:2048
.......+++++
.........+++++
debika@debika-Aspire-A514-54:~/Documents/project$ openssl req -new -key bob.key -out bob.csr -subj "/C=US/ST=California/O=Bob1/OU=IT/CN=Bob1.com"
debika@debika-Aspire-A514-54:~/Documents/project$ openssl x509 -req -in bob.csr -CA int.crt -CAkey int.key -CAcreateserial -out bob.crt -days 365 -sha256
Signature ok
subject=C = US, ST = California, O = Bob1, OU = IT, CN = Bob1.com
Getting CA Private Key
debika@debika-Aspire-A514-54:~/Documents/project$ openssl verify root.crt
C = US, ST = California, O = iTS Root, OU = Root CA, CN = iTS Root R1
error 18 at 0 depth lookup: self signed certificate
error root.crt: verification failed
debika@debika-Aspire-A514-54:~/Documents/project$ openssl verify -CAfile root.crt int.crt
int.crt: OK
debika@debika-Aspire-A514-54:~/Documents/project$ openssl verify -CAfile int.crt alice.crt
C = US, ST = California, O = iTS CA, OU = Intermediate CA, CN = iTS CA 1R3
error 2 at 1 depth lookup: unable to get issuer certificate
error alice.crt: verification failed
debika@debika-Aspire-A514-54:~/Documents/project$ openssl verify -CAfile int.crt bob.crt
C = US, ST = California, O = iTS CA, OU = Intermediate CA, CN = iTS CA 1R3
error 2 at 1 depth lookup: unable to get issuer certificate
error bob.crt: verification failed
debika@debika-Aspire-A514-54:~/Documents/project$ openssl verify -CAfile int.crt alice.crt
C = US, ST = California, O = iTS CA, OU = Intermediate CA, CN = iTS CA 1R3
error 2 at 1 depth lookup: unable to get issuer certificate
error alice.crt: verification failed
debika@debika-Aspire-A514-54:~/Documents/project$ openssl verify -CAfile int.crt -untrusted int.crt alice.crt
C = US, ST = California, O = iTS CA, OU = Intermediate CA, CN = iTS CA 1R3
error 2 at 1 depth lookup: unable to get issuer certificate
error alice.crt: verification failed
debika@debika-Aspire-A514-54:~/Documents/project$ ls
alice.crt  alice.key  bob.csr  int.crt  int.key  root.crt  root.key  test.py
alice.csr  bob.crt    bob.key  int.csr  int.srl  root.csr  root.srl
debika@debika-Aspire-A514-54:~/Documents/project$ openssl verify -CAfile root.crt -untrusted int.crt alice.crt
alice.crt: OK
debika@debika-Aspire-A514-54:~/Documents/project$ openssl verify -CAfile root.crt -untrusted int.crt bob.crt
bob.crt: OK
debika@debika-Aspire-A514-54:~/Documents/project$ ^C
debika@debika-Aspire-A514-54:~/Documents/project$ 

